+--------------------------------------+
|           heif validation            |
+--------------------------------------+

Specification description: HEIF - ISO/IEC 23008-12 - 2nd Edition N18310

[heif][Rule #17] Error: The number of SingleItemTypeReferenceBoxes with the box type 'dimg' and from_item_ID=2 found more than once
[heif][Rule #32] Error: 'mif1' brand: this file shall conform to HEIF section 6, check the other errors for details

========================================
[heif] 2 error(s), 0 warning(s).
========================================

===== Involved rules descriptions:

[heif][Rule #17] Section 6.4
The number of SingleItemTypeReferenceBoxes with the box type 'dimg' and with the
same value of from_item_ID shall not be greater than 1

[heif][Rule #32] Section 10.2
when a brand specified in 10.2 is among the compatible brands of a file,
the requirements specified in Clause 6 shall be obeyed

+--------------------------------------+
|          isobmff validation          |
+--------------------------------------+

Specification description: ISO Base Media File Format
MPEG-4 part 12 - ISO/IEC 14496-12 - m17277 (6th+FDAM1+FDAM2+COR1-R4)

========================================
[isobmff] No errors.
========================================

