+--------------------------------------+
|           heif validation            |
+--------------------------------------+

Specification description: HEIF - ISO/IEC 23008-12 - 2nd Edition N18310

[heif][Rule #10] Error: primary item (Item_ID=1) is not coded image or a derived image item (found item_type="aaaa")
[heif][Rule #17] Warning: File extension for "invalid-pitm-type.mp4" doesn't match: expecting one of 'heif hif ', got 'mp4'

========================================
[heif] 1 error(s), 1 warning(s).
========================================

===== Involved rules descriptions:

[heif][Rule #10] Section 6.2
The file-level MetaBox shall identify as its primary item an item that is a
coded image or a derived image item

[heif][Rule #17] Sections C.2, D.2, F.2, G.2
File extensions to identify the presence of specific image coding formats

+--------------------------------------+
|          isobmff validation          |
+--------------------------------------+

Specification description: ISO Base Media File Format
MPEG-4 part 12 - ISO/IEC 14496-12 - m17277 (6th+FDAM1+FDAM2+COR1-R4)

========================================
[isobmff] No errors.
========================================

