+--------------------------------------+
|           heif validation            |
+--------------------------------------+

Specification description: HEIF - ISO/IEC 23008-12 - First edition 2017-12

[heif][Rule #6] Error: The primary item shall not be a hidden image item

========================================
[heif] 1 error(s), 0 warning(s).
========================================

===== Involved rules descriptions:

[heif][Rule #6] Section 6.4.2
The primary item shall not be a hidden image item

+--------------------------------------+
|          isobmff validation          |
+--------------------------------------+

Specification description: ISO Base Media File Format
MPEG-4 part 12 - ISO/IEC 14496-12 - MPEG-4 Part 12 - m17277 (6th+FDAM1+FDAM2+COR1-R4)

========================================
[isobmff] No errors.
========================================

