+--------------------------------------+
|           heif validation            |
+--------------------------------------+

Specification description: HEIF - ISO/IEC 23008-12 - 2nd Edition N18310

[heif][Rule #0] Error: 'ftyp' box not found
[heif][Rule #2] Error: 'meta' box not found at file level
[heif][Rule #3] Error: 'hdlr' not found in MetaBox
[heif][Rule #10] Error: ItemInfoBox is required
[heif][Rule #11] Error: image spatial extents property ("ispe") not detected.
[heif][Rule #14] Error: No primary item.
[heif][Rule #27] Error: Wrong arity for boxes { ftyp } in parents { root }: expected in range [1-1], found 0

========================================
[heif] 7 error(s), 0 warning(s).
========================================

===== Involved rules descriptions:

[heif][Rule #0] Section 10.2.1.1
Files shall contain the brand 'mif1' in the compatible brands array of the
FileTypeBox.
/!\ this rule doesn't look for 'mif1' brands rule-conformance:
     if a brand is absent then its conformance rules won't be checked here /!\

[heif][Rule #2] Section 6.2
A MetaBox ('meta'), as specified in ISO/IEC 14496-12, is required at file level.

[heif][Rule #3] Section 6.2
The handler type for the MetaBox shall be 'pict'.

[heif][Rule #10] Section 7.2.1.9
ItemInfoBox Version 0 or 1 of this box is required by ISO/IEC 23008-12

[heif][Rule #11] Section 6.5.3.1
Every image item shall be associated with one [image spatial extents property],
prior to the association of all transformative properties.

[heif][Rule #14] Section 6.2
The file-level MetaBox shall identify as its primary item an item that is a
coded image or a derived image item

[heif][Rule #27] Section 9.3.1.1Box structure and arity for boxes defined in HEIF
This is rather a safety check than a formal rule.

+--------------------------------------+
|          isobmff validation          |
+--------------------------------------+

Specification description: ISO Base Media File Format
MPEG-4 part 12 - ISO/IEC 14496-12 - m17277 (6th+FDAM1+FDAM2+COR1-R4)

[isobmff][Rule #0] Warning: The major_brand "" should be repeated in the compatible_brands list
[isobmff][Rule #11] Error: Wrong arity for boxes { ftyp } in parents { root }: expected in range [1-1], found 0
[isobmff][Rule #12] Error: One 'ftyp' boxes expected, found 0. Discarding test

========================================
[isobmff] 2 error(s), 1 warning(s).
========================================

===== Involved rules descriptions:

[isobmff][Rule #0] Section 4.3.1: the major_brand should be repeated in the compatible_brands list

[isobmff][Rule #11] Table 1: box structure and arity
This is rather a safety check than a formal rule.

[isobmff][Rule #12] Section 4.3.1
The 'ftyp' box shall be placed as early as possible in the file (e.g. after any
obligatory signature, but before any significant variable-size boxes such as a
MovieBox, MediaDataBox, or FreeSpaceBox).

