[Rule #0] Error: 'mif1' brand not found in 'ftyp' box
[Rule #1] Error: 'meta' box not found at file level
[Rule #2] Error: 'hdlr' not found in MetaBox
[Rule #3] Error: ItemInfoBox is required
[Rule #4] Error: HEIF missing Image spatial extents property
[heif] 5 error(s).
[heif] 0 warning(s).

Specification description: HEIF - ISO/IEC 23008-12 - First edition 2017-12

Involved rules descriptions:

[heif][Rule #0] Section 10.1
The FileTypeBox shall contain, in the compatible_brands list, the following (in any order): 'mif1' (specified in ISO/IEC 23008-12) [and] brand(s) identifying conformance to this document (specified in 10).

[heif][Rule #1] Section 6.2
A MetaBox ('meta'), as specified in ISO/IEC 14496-12, is required at file level.

[heif][Rule #2] Section 6.2
The handler type for the MetaBox shall be 'pict'.

[heif][Rule #3] Section 7.2.1.9
ItemInfoBox Version 0 or 1 of this box is required by ISO/IEC 23008-12

[heif][Rule #4] Section 6.5.3.1
every image item be associated with a Image spatial extents property

[isobmff] No errors.
