+--------------------------------------+
|           heif validation            |
+--------------------------------------+

Specification description: HEIF - ISO/IEC 23008-12 - 2nd Edition N18310

[heif][Rule #5] Error: image spatial extents property ("ispe") not detected.
[heif][Rule #8] Error: primary item (Item_ID=0) has no associated item_type.
[heif][Rule #19] Error: Wrong arity for boxes { ispe } in parents { ipco }: expected in range [1-2147483647], found 0

========================================
[heif] 3 error(s), 0 warning(s).
========================================

===== Involved rules descriptions:

[heif][Rule #5] Section 6.5.3.1
Every image item shall be associated with one [image spatial extents property],
prior to the association of all transformative properties.

[heif][Rule #8] Section 6.2
The file-level MetaBox shall identify as its primary item an item that is a
coded image or a derived image item

[heif][Rule #19] Box structure and arity for boxes defined in HEIF
This is rather a safety check than a formal rule

+--------------------------------------+
|          isobmff validation          |
+--------------------------------------+

Specification description: ISO Base Media File Format
MPEG-4 part 12 - ISO/IEC 14496-12 - m17277 (6th+FDAM1+FDAM2+COR1-R4)

========================================
[isobmff] No errors.
========================================

