[Rule #1] 'meta' box not found at file level
[Rule #2] 'hdlr' not found in MetaBox
[Rule #3] ItemInfoBox is required
[Rule #4] HEIF missing Image spatial extents property
4 error(s).

Specification description: HEIF - ISO/IEC 23008-12 - First edition 2017-12

Error rules description:

[Rule #1] Section 6.2
A MetaBox ('meta'), as specified in ISO/IEC 14496-12, is required at file level.

[Rule #2] Section 6.2
The handler type for the MetaBox shall be 'pict'.

[Rule #3] Section 7.2.1.9
ItemInfoBox Version 0 or 1 of this box is required by ISO/IEC 23008-12

[Rule #4] Section 6.5.3.1
every image item be associated with a Image spatial extents property
