[Rule #4] Error: HEIF missing Image spatial extents property
[heif] 1 error(s).
[heif] 0 warning(s).

Specification description: HEIF - ISO/IEC 23008-12 - First edition 2017-12

Involved rules descriptions:

[heif][Rule #4] Section 6.5.3.1
every image item be associated with a Image spatial extents property
[isobmff] No errors.
