Incomplete OBU (remaining to read=24)
+--------------------------------------+
|       av1hdr10plus validation        |
+--------------------------------------+

Specification description: HDR10+ AV1 Metadata Handling Specification, 8 December 2021
https://aomediacodec.github.io/av1-hdr10plus/

[av1hdr10plus][Rule #0] Error: An AV1 stream shall contain at least one OBU but first OU could not be parsed

========================================
[av1hdr10plus] 1 error(s), 0 warning(s).
========================================

===== Involved rules descriptions:

[av1hdr10plus][Rule #0] Section 2.1
An AV1 stream shall contain at least one OBU

