+--------------------------------------+
|       av1hdr10plus validation        |
+--------------------------------------+

Specification description: HDR10+ AV1 Metadata Handling Specification, 7 December 2022
https://github.com/AOMediaCodec/av1-hdr10plus/commit/63bacd21bc5f75ea6094fc11a03f0e743366fbdf
https://aomediacodec.github.io/av1-hdr10plus/

[av1hdr10plus][Rule #10] Error: HDR10+ Metadata OBUs are not provided when show_frame = 0
[av1hdr10plus][Rule #11] Error: For non-layered streams, there is only one HDR10+ Metadata OBU per temporal unit, found 2

========================================
[av1hdr10plus] 2 error(s), 0 warning(s).
========================================

===== Involved rules descriptions:

[av1hdr10plus][Rule #10] id: assert-a575dc54
Section 2.2.2
HDR10+ Metadata OBUs are not provided when show_frame = 0

[av1hdr10plus][Rule #11] id: assert-797eb19e
Section 2.2.2
For non-layered streams, there is only one HDR10+ Metadata OBU per temporal unit

