+--------------------------------------+
|       av1hdr10plus validation        |
+--------------------------------------+

Specification description: HDR10+ AV1 Metadata Handling Specification, 7 December 2022
https://github.com/AOMediaCodec/av1-hdr10plus/commit/63bacd21bc5f75ea6094fc11a03f0e743366fbdf
https://aomediacodec.github.io/av1-hdr10plus/

[av1hdr10plus][Rule #8] Warning: chroma_sample_position should be set as 2, found 0

========================================
[av1hdr10plus] 0 error(s), 1 warning(s).
========================================

===== Involved rules descriptions:

[av1hdr10plus][Rule #8] id: assert-5b56cde2
Section 2.2.1
chroma_sample_position should be set to 2

