+--------------------------------------+
|       av1hdr10plus validation        |
+--------------------------------------+

Specification description: HDR10+ AV1 Metadata Handling Specification, 8 December 2021
https://aomediacodec.github.io/av1-hdr10plus/

[av1hdr10plus][Rule #1] Error: itu_t_t35_terminal_provider_oriented_code shall be set as 0x0001, found 0x0002

========================================
[av1hdr10plus] 1 error(s), 0 warning(s).
========================================

===== Involved rules descriptions:

[av1hdr10plus][Rule #1] Section 2.1
Each HDR10+ OBU includes an ITU-T T.35 identifier with:
 - itu_t_t35_country_code set as 0xB5
 - itu_t_t35_terminal_provider_code set as 0x003C
 - itu_t_t35_terminal_provider_oriented_code set as 0x0001

