+--------------------------------------+
|       av1hdr10plus validation        |
+--------------------------------------+

Specification description: HDR10+ AV1 Metadata Handling Specification, 7 December 2022
https://github.com/AOMediaCodec/av1-hdr10plus/commit/63bacd21bc5f75ea6094fc11a03f0e743366fbdf
https://aomediacodec.github.io/av1-hdr10plus/

[av1hdr10plus][Rule #4] Error: matrix_coefficients shall be set as 9 ([BT-2020]), found 1

========================================
[av1hdr10plus] 1 error(s), 0 warning(s).
========================================

===== Involved rules descriptions:

[av1hdr10plus][Rule #4] id: assert-19a71368
Section 2.2.1
matrix_coefficients = 9

