+--------------------------------------+
|       av1hdr10plus validation        |
+--------------------------------------+

Specification description: HDR10+ AV1 Metadata Handling Specification, 8 December 2021
https://aomediacodec.github.io/av1-hdr10plus/

[av1hdr10plus][Rule #2] Error: transfer_characteristics shall be set as 16 ([SMPTE-ST-2084] / [BT-2100]), found 1

========================================
[av1hdr10plus] 1 error(s), 0 warning(s).
========================================

===== Involved rules descriptions:

[av1hdr10plus][Rule #2] Section 2.2.1
Streams shall use the following values for the AV1 color_config:
 - color_primaries = 9 ([BT-2020])
 - transfer_characteristics = 16 ([SMPTE-ST-2084] / [BT-2100])
 - matrix_coefficients = 9 ([BT-2020])
Additionally, the following recommendations apply:
 - VideoFullRangeFlag should be set to 0
 - subsampling_x and subsampling_y should be set to 0
 - mono_chrome should be 0
 - chroma_sample_position should be set to 2

