+--------------------------------------+
|       av1hdr10plus validation        |
+--------------------------------------+

Specification description: HDR10+ AV1 Metadata Handling Specification, 8 December 2021
https://aomediacodec.github.io/av1-hdr10plus/

========================================
[av1hdr10plus] No errors.
========================================

