root
  ftyp
  free
  mdat
  moov
    mvhd
    version: 0
    flags: 0
    creation_time: 0
    modification_time: 0
    timescale: 1000
    duration: 1024
    trak
      tkhd
      edts
      mdia
        mdhd
        hdlr
        minf
          smhd
          dinf
          stbl
            stsd
            stts
            stsc
            stsz
            stco
            sgpd
            sbgp
    udta
