+--------------------------------------+
|           heif validation            |
+--------------------------------------+

Specification description: HEIF - ISO/IEC 23008-12 - 2nd Edition N18310

[heif][Rule #11] Warning: File extension for "heif.mp4" doesn't match: expecting one of 'heif hif ', got 'mp4'

========================================
[heif] 0 error(s), 1 warning(s).
========================================

===== Involved rules descriptions:

[heif][Rule #11] Sections C.2, D.2, F.2, G.2
File extensions to identify the presence of specific image coding formats

+--------------------------------------+
|          isobmff validation          |
+--------------------------------------+

Specification description: ISO Base Media File Format
MPEG-4 part 12 - ISO/IEC 14496-12 - MPEG-4 Part 12 - m17277 (6th+FDAM1+FDAM2+COR1-R4)

========================================
[isobmff] No errors.
========================================

