+--------------------------------------+
|          isobmff validation          |
+--------------------------------------+

Specification description: ISO Base Media File Format
MPEG-4 part 12 - ISO/IEC 14496-12 - m17277 (6th+FDAM1+FDAM2+COR1-R4)

[isobmff][Rule #6] Warning: 'ipma' flags should be equal to 0 unless there are more than 127 properties in the ItemPropertyContainerBox (found 4)

========================================
[isobmff] 0 error(s), 1 warning(s).
========================================

===== Involved rules descriptions:

[isobmff][Rule #6] Section 8.11.14.1
ItemPropertyContainerBox: flags should be equal to 0 unless there are more than
127 properties in the ItemPropertyContainerBox

