+--------------------------------------+
|          isobmff validation          |
+--------------------------------------+

Specification description: ISO Base Media File Format
MPEG-4 part 12 - ISO/IEC 14496-12 - MPEG-4 Part 12 - m17277 (6th+FDAM1+FDAM2+COR1-R4)

[isobmff][Rule #1] Error: There shall be zero or one 'iref' box per MetaBox, found 2

========================================
[isobmff] 1 error(s), 0 warning(s).
========================================

===== Involved rules descriptions:

[isobmff][Rule #1] Section: 8.11.12.1
Zero or one 'iref' box per MetaBox

