+--------------------------------------+
|          isobmff validation          |
+--------------------------------------+

Specification description: ISO Base Media File Format
MPEG-4 part 12 - ISO/IEC 14496-12 - MPEG-4 Part 12 - m17277 (6th+FDAM1+FDAM2+COR1-R4)

[isobmff][Rule #1] Error: Each ItemPropertyAssociationBox shall be ordered by increasing item_ID (1, last=2)
[isobmff][Rule #1] Error: Each ItemPropertyAssociationBox shall be ordered by increasing item_ID (1, last=1)
[isobmff][Rule #1] Error: There shall be at most one occurrence of a given item_ID but 1 found several times

========================================
[isobmff] 3 error(s), 0 warning(s).
========================================

===== Involved rules descriptions:

[isobmff][Rule #1] Section: 8.11.14.1
Each ItemPropertyAssociationBox shall be ordered by increasing item_ID,
and there shall be at most one occurrence of a given item_ID, in the set of
ItemPropertyAssociationBox boxes

