+--------------------------------------+
|          isobmff validation          |
+--------------------------------------+

Specification description: ISO Base Media File Format
MPEG-4 part 12 - ISO/IEC 14496-12 - m17277 (6th+FDAM1+FDAM2+COR1-R4)

========================================
[isobmff] No errors.
========================================

