+--------------------------------------+
|           miaf validation            |
+--------------------------------------+

Specification description: MIAF (Multi-Image Application Format)
MPEG-A part 22 - ISO/IEC 23000-22 - w18260 FDIS - Jan 2019

[miaf][Rule #14] Error: Matrix field of the TrackHeaderBox: "a" value (11111111) shall be 0x00010000 or 0xFFFF0000
[miaf][Rule #14] Error: Matrix field of the TrackHeaderBox: "a" (11111111) or "c" (11111111) shall be equal to 0
[miaf][Rule #14] Error: Matrix field of the TrackHeaderBox: "b" value (11111111) shall be 0x00010000 or 0xFFFF0000
[miaf][Rule #14] Error: Matrix field of the TrackHeaderBox: "b" (11111111) or "d" (11111111) shall be equal to 0
[miaf][Rule #14] Error: Matrix field of the TrackHeaderBox: "u" value (11111111) shall be 0
[miaf][Rule #14] Error: Matrix field of the TrackHeaderBox: "v" value (11111111) shall be 0
[miaf][Rule #14] Error: Matrix field of the TrackHeaderBox: "w" value (11111111) shall be 0x40000000

========================================
[miaf] 7 error(s), 0 warning(s).
========================================

===== Involved rules descriptions:

[miaf][Rule #14] Section 7.4.3
The use of the matrix field of the TrackHeaderBox shall represent only no
transformation (identity matrix), or vertical or horizontal mirroring and/or
rotations of 90°, 180° or 270°.

+--------------------------------------+
|           heif validation            |
+--------------------------------------+

Specification description: HEIF - ISO/IEC 23008-12 - 2nd Edition N18310

[heif][Rule #9] Error: Matrix field of the TrackHeaderBox: "a" value (11111111) shall be 0x00010000 or 0xFFFF0000
[heif][Rule #9] Error: Matrix field of the TrackHeaderBox: "a" (11111111) or "c" (11111111) shall be equal to 0
[heif][Rule #9] Error: Matrix field of the TrackHeaderBox: "b" value (11111111) shall be 0x00010000 or 0xFFFF0000
[heif][Rule #9] Error: Matrix field of the TrackHeaderBox: "b" (11111111) or "d" (11111111) shall be equal to 0
[heif][Rule #9] Error: Matrix field of the TrackHeaderBox: "u" value (11111111) shall be 0
[heif][Rule #9] Error: Matrix field of the TrackHeaderBox: "v" value (11111111) shall be 0
[heif][Rule #9] Error: Matrix field of the TrackHeaderBox: "w" value (11111111) shall be 0x40000000
[heif][Rule #14] Error: primary item (Item_ID=0) has no associated item_type.
[heif][Rule #32] Error: 'mif1' brand: this file shall conform to HEIF section 6, check the other errors for details

========================================
[heif] 9 error(s), 0 warning(s).
========================================

===== Involved rules descriptions:

[heif][Rule #9] Section 7.2.1
The following constraints on the value of matrix [of the TrackHeaderBox] shall be obeyed

[heif][Rule #14] Section 6.2
The file-level MetaBox shall identify as its primary item an item that is a
coded image or a derived image item

[heif][Rule #32] Section 10.2
when a brand specified in ‎10.2 is among the compatible brands of a file,
the requirements specified in Clause ‎6 shall be obeyed

+--------------------------------------+
|          isobmff validation          |
+--------------------------------------+

Specification description: ISO Base Media File Format
MPEG-4 part 12 - ISO/IEC 14496-12 - m17277 (6th+FDAM1+FDAM2+COR1-R4)

[isobmff][Rule #10] Error: Wrong arity for boxes { mdhd } in parents { mdia }: expected in range [1-1], found 0
[isobmff][Rule #10] Error: Wrong arity for boxes { minf } in parents { mdia }: expected in range [1-1], found 0

========================================
[isobmff] 2 error(s), 0 warning(s).
========================================

===== Involved rules descriptions:

[isobmff][Rule #10] Table 1: box structure and arity
This is rather a safety check than a formal rule.

