+--------------------------------------+
|           miaf validation            |
+--------------------------------------+

Specification description: MIAF (Multi-Image Application Format)
MPEG-A part 22 - ISO/IEC 23000-22 - w18260 FDIS - Jan 2019

[miaf][Rule #16] Error: Either all tracks or none shall indicate an edit list repetition

========================================
[miaf] 1 error(s), 0 warning(s).
========================================

===== Involved rules descriptions:

[miaf][Rule #16] Section 8.6
repeating edits may be used; either all tracks shall indicate a 'looping' edit, or none

+--------------------------------------+
|           heif validation            |
+--------------------------------------+

Specification description: HEIF - ISO/IEC 23008-12 - 2nd Edition N18310

[heif][Rule #8] Error: primary item (Item_ID=0) has no associated item_type.

========================================
[heif] 1 error(s), 0 warning(s).
========================================

===== Involved rules descriptions:

[heif][Rule #8] Section 6.2
The file-level MetaBox shall identify as its primary item an item that is a
coded image or a derived image item

+--------------------------------------+
|          isobmff validation          |
+--------------------------------------+

Specification description: ISO Base Media File Format
MPEG-4 part 12 - ISO/IEC 14496-12 - MPEG-4 Part 12 - m17277 (6th+FDAM1+FDAM2+COR1-R4)

========================================
[isobmff] No errors.
========================================

