[Rule #21] Error: dref content is not in the same file
[Rule #44] Warning: File conforms to 'MiPr' brand but 'MiPr' is not in the 'ftyp' compatible_brand list
[miaf] 1 error(s).
[miaf] 1 warning(s).

Specification description: MIAF (Multi-Image Application Format)
MPEG-A part 22 - ISO/IEC 23000-22 - w18260 FDIS - Jan 2019

Involved rules descriptions:

[miaf][Rule #21] Section 8.2.2
External data references in the DataReferenceBox shall not be used for image
sequences or videos that are required, conditionally required, or explicitly
permitted by this document, i.e. those sequences/videos shall be self-contained

[miaf][Rule #44] Section 7.2.1.2
The FileTypeBox shall contain, in the compatible_brands list [...] brand(s)
identifying conformance to this document (specified in Clause 10).
[heif] No errors.
[isobmff] No errors.
