[Rule #16] Either all tracks or none shall indicate an edit list repetition
1 error(s).

Specification description: MIAF (Multi-Image Application Format)
MPEG-A part 22 - ISO/IEC 23000-22 - w18260 FDIS - Jan 2019

Error rules description:

[Rule #16] Section 8.6
repeating edits may be used; either all tracks shall indicate a 'looping' edit, or none
