[Rule #12] Error: Matrix field of the TrackHeaderBox: "a" value (11111111) shall be 0x00010000 or 0xFFFF0000
[Rule #12] Error: Matrix field of the TrackHeaderBox: "a" (11111111) or "c" (11111111) shall be equal to 0
[Rule #12] Error: Matrix field of the TrackHeaderBox: "b" value (11111111) shall be 0x00010000 or 0xFFFF0000
[Rule #12] Error: Matrix field of the TrackHeaderBox: "b" (11111111) or "d" (11111111) shall be equal to 0
[Rule #12] Error: Matrix field of the TrackHeaderBox: "u" value (11111111) shall be 0
[Rule #12] Error: Matrix field of the TrackHeaderBox: "v" value (11111111) shall be 0
[Rule #12] Error: Matrix field of the TrackHeaderBox: "w" value (11111111) shall be 0x40000000
[Rule #44] Warning: File conforms to 'MiPr' brand but 'MiPr' is not in the 'ftyp' compatible_brand list
[miaf] 7 error(s).
[miaf] 1 warning(s).

Specification description: MIAF (Multi-Image Application Format)
MPEG-A part 22 - ISO/IEC 23000-22 - w18260 FDIS - Jan 2019

Involved rules descriptions:

[miaf][Rule #12] Section 7.4.3
The use of the matrix field of the TrackHeaderBox shall represent only no
transformation (identity matrix), or vertical or horizontal mirroring and/or
rotations of 90°, 180° or 270°.

[miaf][Rule #44] Section 7.2.1.2
The FileTypeBox shall contain, in the compatible_brands list [...] brand(s)
identifying conformance to this document (specified in Clause 10).

[heif] No errors.
[isobmff] No errors.
