[Rule #9] Invalid 'clli' position (parent is 'root')
[Rule #10] Invalid 'mdcv' position (parent is 'root')
2 error(s).

Specification description: MIAF (Multi-Image Application Format)
MPEG-A part 22 - ISO/IEC 23000-22 - w18260 FDIS - Jan 2019

Error rules description:

[Rule #9] Section 7.4.4.2.2
Enforce 'clli' parsing and positioning

[Rule #10] Section 7.4.4.3.2
Enforce 'mdcv' parsing and positioning
