[Rule #5] Error: construction_method=1 on a coded image item
[Rule #44] Warning: File conforms to 'MiPr' brand but 'MiPr' is not in the 'ftyp' compatible_brand list
[miaf] 1 error(s).
[miaf] 1 warning(s).

Specification description: MIAF (Multi-Image Application Format)
MPEG-A part 22 - ISO/IEC 23000-22 - w18260 FDIS - Jan 2019

Involved rules descriptions:

[miaf][Rule #5] Section 7.2.1.7
construction_method shall be equal to 0 for MIAF image items that are coded image items.
construction_method shall be equal to 0 or 1 for MIAF image items that are derived image items.

[miaf][Rule #44] Section 7.2.1.2
The FileTypeBox shall contain, in the compatible_brands list [...] brand(s)
identifying conformance to this document (specified in Clause 10).

[heif] No errors.
[isobmff] No errors.
