+--------------------------------------+
|           miaf validation            |
+--------------------------------------+

Specification description: MIAF (Multi-Image Application Format)
MPEG-A part 22 - ISO/IEC 23000-22 - w18260 FDIS - Jan 2019

[miaf][Rule #40] Warning: This rule doesn't support the AVC codec.
[miaf][Rule #41] Warning: This rule doesn't support the AVC codec.
[miaf][Rule #42] Warning: This rule doesn't support the AVC codec.
[miaf][Rule #43] Warning: This rule doesn't support the AVC codec.

========================================
[miaf] 0 error(s), 4 warning(s).
========================================

===== Involved rules descriptions:

[miaf][Rule #40] Section 7.3.6.7
Clean aperture:- when the image is 4:2:2 the horizontal cropped offset and width shall be
  even numbers and the vertical values shall be integers
- when the image is 4:2:0 both the horizontal and vertical cropped offsets and
widths shall be even numbers

[miaf][Rule #41] Section 7.3.11.4.1
All input images of a grid image item shall use the same coding format,
chroma sampling format, and the same decoder configuration

[miaf][Rule #42] Section 7.3.11.4.1
The tile size is restricted according to the chroma sampling format of the
input images; the cropping shall select an integer number of samples for
all planes, and result in an output image that also includes an integer number
of samples for all planes

[miaf][Rule #43] Section 7.3.5.1
Depth maps and alpha planes [...] if [...] encoded in colour [...] shall be
encoded in a colour format with a luma plane and chroma planes

+--------------------------------------+
|           heif validation            |
+--------------------------------------+

Specification description: HEIF - ISO/IEC 23008-12 - 2nd Edition N18310

========================================
[heif] No errors.
========================================

+--------------------------------------+
|          isobmff validation          |
+--------------------------------------+

Specification description: ISO Base Media File Format
MPEG-4 part 12 - ISO/IEC 14496-12 - m17277 (6th+FDAM1+FDAM2+COR1-R4)

========================================
[isobmff] No errors.
========================================

