+--------------------------------------+
|           miaf validation            |
+--------------------------------------+

Specification description: MIAF (Multi-Image Application Format)
MPEG-A part 22 - ISO/IEC 23000-22 - w18260 FDIS - Jan 2019

[miaf][Rule #18] Error: Two media edits found: media rates shall be { 1, -1 }, found { 1, 1 }
[miaf][Rule #18] Error: Two media edits found: one shall specify forward and the other reverse playback

========================================
[miaf] 2 error(s), 0 warning(s).
========================================

===== Involved rules descriptions:

[miaf][Rule #18] Section 8.6
when there are two 'media edits' one shall specify forward playback and the other reverse
over the same media time-range

+--------------------------------------+
|           heif validation            |
+--------------------------------------+

Specification description: HEIF - ISO/IEC 23008-12 - First edition 2017-12

========================================
[heif] No errors.
========================================

+--------------------------------------+
|          isobmff validation          |
+--------------------------------------+

Specification description: ISO Base Media File Format
MPEG-4 part 12 - ISO/IEC 14496-12 - MPEG-4 Part 12 - m17277 (6th+FDAM1+FDAM2+COR1-R4)

========================================
[isobmff] No errors.
========================================

