[Rule #25] Audio shall be a variant of AAC as defined in Section 7.4.5 or as uncompressed two’s-complement
1 error(s).

Specification description: MIAF (Multi-Image Application Format)
MPEG-A part 22 - ISO/IEC 23000-22 - w18260 FDIS - Jan 2019

Error rules description:

[Rule #25] Section 7.4.5
Each stream shall be coded as either a variant of AAC as defined in
ISO/IEC 14496-3, or as uncompressed two’s-complement
