+--------------------------------------+
|           miaf validation            |
+--------------------------------------+

Specification description: MIAF (Multi-Image Application Format)
MPEG-A part 22 - ISO/IEC 23000-22 - w18260 FDIS - Jan 2019

[miaf][Rule #18] Error: Either all tracks or none shall indicate an edit list repetition

========================================
[miaf] 1 error(s), 0 warning(s).
========================================

===== Involved rules descriptions:

[miaf][Rule #18] Section 8.6
repeating edits may be used; either all tracks shall indicate a 'looping' edit, or none

+--------------------------------------+
|           heif validation            |
+--------------------------------------+

Specification description: HEIF - ISO/IEC 23008-12 - 2nd Edition N18310

[heif][Rule #14] Error: primary item (Item_ID=0) has no associated item_type.
[heif][Rule #32] Error: 'mif1' brand: this file shall conform to HEIF section 6, check the other errors for details

========================================
[heif] 2 error(s), 0 warning(s).
========================================

===== Involved rules descriptions:

[heif][Rule #14] Section 6.2
The file-level MetaBox shall identify as its primary item an item that is a
coded image or a derived image item

[heif][Rule #32] Section 10.2
when a brand specified in ‎10.2 is among the compatible brands of a file,
the requirements specified in Clause ‎6 shall be obeyed

+--------------------------------------+
|          isobmff validation          |
+--------------------------------------+

Specification description: ISO Base Media File Format
MPEG-4 part 12 - ISO/IEC 14496-12 - m17277 (6th+FDAM1+FDAM2+COR1-R4)

[isobmff][Rule #10] Error: Wrong arity for boxes { tkhd } in parents { trak }: expected in range [1-1], found 0
[isobmff][Rule #10] Error: Wrong arity for boxes { tkhd } in parents { trak }: expected in range [1-1], found 0
[isobmff][Rule #10] Error: Wrong arity for boxes { mdhd } in parents { mdia }: expected in range [1-1], found 0
[isobmff][Rule #10] Error: Wrong arity for boxes { mdhd } in parents { mdia }: expected in range [1-1], found 0
[isobmff][Rule #10] Error: Wrong arity for boxes { vmhd smhd hmhd sthd nmhd } in parents { minf }: expected in range [1-1], found 0
[isobmff][Rule #10] Error: Wrong arity for boxes { vmhd smhd hmhd sthd nmhd } in parents { minf }: expected in range [1-1], found 0
[isobmff][Rule #10] Error: Wrong arity for boxes { dinf } in parents { minf }: expected in range [1-1], found 0
[isobmff][Rule #10] Error: Wrong arity for boxes { dinf } in parents { minf }: expected in range [1-1], found 0
[isobmff][Rule #10] Error: Wrong arity for boxes { stsd } in parents { stbl }: expected in range [1-1], found 0
[isobmff][Rule #10] Error: Wrong arity for boxes { stsd } in parents { stbl }: expected in range [1-1], found 0
[isobmff][Rule #10] Error: Wrong arity for boxes { stts } in parents { stbl }: expected in range [1-1], found 0
[isobmff][Rule #10] Error: Wrong arity for boxes { stts } in parents { stbl }: expected in range [1-1], found 0
[isobmff][Rule #10] Error: Wrong arity for boxes { stsc } in parents { stbl }: expected in range [1-1], found 0
[isobmff][Rule #10] Error: Wrong arity for boxes { stsc } in parents { stbl }: expected in range [1-1], found 0
[isobmff][Rule #10] Error: Wrong arity for boxes { stsz stz2 } in parents { stbl }: expected in range [1-1], found 0
[isobmff][Rule #10] Error: Wrong arity for boxes { stsz stz2 } in parents { stbl }: expected in range [1-1], found 0
[isobmff][Rule #10] Error: Wrong arity for boxes { stco co64 } in parents { stbl }: expected in range [1-1], found 0
[isobmff][Rule #10] Error: Wrong arity for boxes { stco co64 } in parents { stbl }: expected in range [1-1], found 0

========================================
[isobmff] 18 error(s), 0 warning(s).
========================================

===== Involved rules descriptions:

[isobmff][Rule #10] Table 1: box structure and arity
This is rather a safety check than a formal rule.

