[Rule #1] Error: The HandlerBox shall be the first contained box within the MetaBox
[Rule #3] Error: MetaBox shall not contain a XMLBox
[Rule #3] Error: MetaBox shall not contain a BinaryXMLBox
[Rule #4] Error: 'hdlr' not found in MetaBox
[Rule #44] Warning: File conforms to 'MiPr' brand but 'MiPr' is not in the 'ftyp' compatible_brand list
[miaf] 4 error(s).
[miaf] 1 warning(s).

Specification description: MIAF (Multi-Image Application Format)
MPEG-A part 22 - ISO/IEC 23000-22 - w18260 FDIS - Jan 2019

Involved rules descriptions:

[miaf][Rule #1] Section 7.2.1.1
The HandlerBox shall be the first contained box within the MetaBox.

[miaf][Rule #3] Section 7.2.1.4
The XMLBox and BinaryXMLBox shall not be used in a MetaBox.

[miaf][Rule #4] Section 7.2.1.5
The handler type for the MetaBox shall be 'pict'.

[miaf][Rule #44] Section 7.2.1.2
The FileTypeBox shall contain, in the compatible_brands list [...] brand(s)
identifying conformance to this document (specified in Clause 10).
[Rule #2] Error: 'hdlr' not found in MetaBox
[heif] 1 error(s).
[heif] 0 warning(s).

Specification description: HEIF - ISO/IEC 23008-12 - First edition 2017-12

Involved rules descriptions:

[heif][Rule #2] Section 6.2
The handler type for the MetaBox shall be 'pict'.
[isobmff] No errors.
