+--------------------------------------+
|           miaf validation            |
+--------------------------------------+

Specification description: MIAF (Multi-Image Application Format)
MPEG-A part 22 - ISO/IEC 23000-22 - w18260 FDIS - Jan 2019

[miaf][Rule #31] Error: Detected error in derivations: iden (2) -> iden (2)
[miaf][Rule #31] Error: Detected cycle in derivations.
[miaf][Rule #32] Error: Detected error in derivations: iden (2) -> iden (2)
[miaf][Rule #32] Error: Detected cycle in derivations.

========================================
[miaf] 4 error(s), 0 warning(s).
========================================

===== Involved rules descriptions:

[miaf][Rule #31] Section 7.3.9
An identity derivation shall not be derived immediately from another identity
derivation

[miaf][Rule #32] Section 7.3.11.1
If derivations occur, they shall be in this order:
- mandatory coded image(s)
- optional identity derivation (subclause 7.3.11.2)
- optional grid (subclause 7.3.11.4)
- optional identity derivation (subclause 7.3.11.2)
- optional overlay (subclause 7.3.11.3)
- optional identity derivation (subclause 7.3.11.2)

+--------------------------------------+
|           heif validation            |
+--------------------------------------+

Specification description: HEIF - ISO/IEC 23008-12 - 2nd Edition N18310

========================================
[heif] No errors.
========================================

+--------------------------------------+
|          isobmff validation          |
+--------------------------------------+

Specification description: ISO Base Media File Format
MPEG-4 part 12 - ISO/IEC 14496-12 - m17277 (6th+FDAM1+FDAM2+COR1-R4)

========================================
[isobmff] No errors.
========================================

