[Rule #1] Tile widths shall be greater than or equal to 64. Found 10.
[Rule #1] Tile heights shall be greater than or equal to 64. Found 10.
[Rule #1] Tile widths should be a multiple of 64. Found 10.
[Rule #1] Tile heights should be a multiple of 64. Found 10.
[Rule #5] Wrong derivation at index 0: expected "iden", got "grid"
[Rule #5] Wrong derivation at index 1: expected "grid", got "av01"
6 error(s).
