+--------------------------------------+
|           miaf validation            |
+--------------------------------------+

Specification description: MIAF (Multi-Image Application Format)
MPEG-A part 22 - ISO/IEC 23000-22 - w18260 FDIS - Jan 2019

[miaf][Rule #10] Error: [ItemID=1] MIAF missing Image spatial extents property

========================================
[miaf] 1 error(s), 0 warning(s).
========================================

===== Involved rules descriptions:

[miaf][Rule #10] Section 7.3.6.3
Every image item shall be associated with a Image spatial extents property

+--------------------------------------+
|           heif validation            |
+--------------------------------------+

Specification description: HEIF - ISO/IEC 23008-12 - 2nd Edition N18310

[heif][Rule #11] Error: Item ID=1: missing Image spatial extents property
[heif][Rule #32] Error: 'mif1' brand: this file shall conform to HEIF section 6, check the other errors for details

========================================
[heif] 2 error(s), 0 warning(s).
========================================

===== Involved rules descriptions:

[heif][Rule #11] Section 6.5.3.1
Every image item shall be associated with one [image spatial extents property],
prior to the association of all transformative properties.

[heif][Rule #32] Section 10.2
when a brand specified in 10.2 is among the compatible brands of a file,
the requirements specified in Clause 6 shall be obeyed

+--------------------------------------+
|          isobmff validation          |
+--------------------------------------+

Specification description: ISO Base Media File Format
MPEG-4 part 12 - ISO/IEC 14496-12 - m17277 (6th+FDAM1+FDAM2+COR1-R4)

========================================
[isobmff] No errors.
========================================

