[Rule #7] Error: MIAF master image (item_ID=AABB) shall not be a thumbnail image
[Rule #7] Error: MIAF master image (item_ID=AABB) shall not be a auxiliary image
[Rule #44] Warning: File conforms to 'MiPr' brand but 'MiPr' is not in the 'ftyp' compatible_brand list
[miaf] 2 error(s), 1 warning(s).

Specification description: MIAF (Multi-Image Application Format)
MPEG-A part 22 - ISO/IEC 23000-22 - w18260 FDIS - Jan 2019

Involved rules descriptions:

[miaf][Rule #7] Section 7.3.2
The primary item shall be a MIAF master image item.

[miaf][Rule #44] Section 7.2.1.2
The FileTypeBox shall contain, in the compatible_brands list [...] brand(s)
identifying conformance to this document (specified in Clause 10).

[heif] No errors.
[isobmff] No errors.
