+--------------------------------------+
|           miaf validation            |
+--------------------------------------+

Specification description: MIAF (Multi-Image Application Format)
MPEG-A part 22 - ISO/IEC 23000-22 - w18260 FDIS - Jan 2019

[miaf][Rule #33] Error: Detected error in derivations: grid (11) -> iovl (9) -> av01 (1)
[miaf][Rule #33] Error: Detected error in derivations: grid (11) -> iovl (9) -> av01 (2)
[miaf][Rule #33] Error: Detected error in derivations: grid (11) -> iovl (9) -> av01 (3)
[miaf][Rule #33] Error: Detected error in derivations: grid (11) -> iovl (9) -> av01 (4)
[miaf][Rule #33] Error: Detected error in derivations: grid (11) -> grid (10) -> av01 (5)
[miaf][Rule #33] Error: Detected error in derivations: grid (11) -> grid (10) -> av01 (6)
[miaf][Rule #33] Error: Detected error in derivations: grid (11) -> grid (10) -> av01 (7)
[miaf][Rule #33] Error: Detected error in derivations: grid (11) -> grid (10) -> av01 (8)

========================================
[miaf] 8 error(s), 0 warning(s).
========================================

===== Involved rules descriptions:

[miaf][Rule #33] Section 7.3.11.1
If derivations occur, they shall be in this order:
- mandatory coded image(s)
- optional identity derivation (subclause 7.3.11.2)
- optional grid (subclause 7.3.11.4)
- optional identity derivation (subclause 7.3.11.2)
- optional overlay (subclause 7.3.11.3)
- optional identity derivation (subclause 7.3.11.2)

+--------------------------------------+
|           heif validation            |
+--------------------------------------+

Specification description: HEIF - ISO/IEC 23008-12 - First edition 2017-12

========================================
[heif] No errors.
========================================

+--------------------------------------+
|          isobmff validation          |
+--------------------------------------+

Specification description: ISO Base Media File Format
MPEG-4 part 12 - ISO/IEC 14496-12 - MPEG-4 Part 12 - m17277 (6th+FDAM1+FDAM2+COR1-R4)

========================================
[isobmff] No errors.
========================================

