+--------------------------------------+
|           miaf validation            |
+--------------------------------------+

Specification description: MIAF (Multi-Image Application Format)
MPEG-A part 22 - ISO/IEC 23000-22 - w18260 FDIS - Jan 2019

[miaf][Rule #26] Error: objectTypeIndication shall be an AAC codec (found 65)
[miaf][Rule #26] Error: Audio shall be a variant of AAC as defined in Section 7.4.5 or as uncompressed two’s-complement
[miaf][Rule #28] Error: objectTypeIndication shall be an AAC codec (found 65)
[miaf][Rule #28] Error: Audio shall be MPEG-4 AAC-LC, HE-AAC Level 2, or HE-AACv2 Level 2

========================================
[miaf] 4 error(s), 0 warning(s).
========================================

===== Involved rules descriptions:

[miaf][Rule #26] Section 7.4.5
Each stream shall be coded as either a variant of AAC as defined in
ISO/IEC 14496-3, or as uncompressed two’s-complement

[miaf][Rule #28] Section 7.4.5
If AAC is chosen, then each AAC elementary stream shall be encoded using
MPEG-4 AAC-LC, HE-AAC Level 2, or HE-AACv2 Level 2.

+--------------------------------------+
|           heif validation            |
+--------------------------------------+

Specification description: HEIF - ISO/IEC 23008-12 - 2nd Edition N18310

[heif][Rule #7] Error: primary item (Item_ID=0) has no associated item_type.

========================================
[heif] 1 error(s), 0 warning(s).
========================================

===== Involved rules descriptions:

[heif][Rule #7] Section 6.2
The file-level MetaBox shall identify as its primary item an item that is a
coded image or a derived image item

+--------------------------------------+
|          isobmff validation          |
+--------------------------------------+

Specification description: ISO Base Media File Format
MPEG-4 part 12 - ISO/IEC 14496-12 - MPEG-4 Part 12 - m17277 (6th+FDAM1+FDAM2+COR1-R4)

========================================
[isobmff] No errors.
========================================

