+--------------------------------------+
|           miaf validation            |
+--------------------------------------+

Specification description: MIAF (Multi-Image Application Format)
MPEG-A part 22 - ISO/IEC 23000-22 - w18260 FDIS - Jan 2019

[miaf][Rule #2] Error: 'ftyp' box not found

========================================
[miaf] 1 error(s), 0 warning(s).
========================================

===== Involved rules descriptions:

[miaf][Rule #2] Section 7.2.1.2
The FileTypeBox shall contain, in the compatible_brands list,
the following (in any order): 'mif1' (specified in ISO/IEC 23008-12)
[...]
Files conforming to the general restrictions in clause 7 shall include
the brand 'miaf' in the compatible_brands in the FileTypeBox.
/!\ this rule doesn't look for 'mif1' and 'miaf' brands rule-conformance:
     if a brand is absent then its conformance rules won't be checked here /!\

+--------------------------------------+
|           heif validation            |
+--------------------------------------+

Specification description: HEIF - ISO/IEC 23008-12 - 2nd Edition N18310

[heif][Rule #0] Error: 'ftyp' box not found
[heif][Rule #10] Error: primary item (Item_ID=0) has no associated item_type.
[heif][Rule #23] Error: Wrong arity for boxes { ftyp } in parents { root }: expected in range [1-1], found 0

========================================
[heif] 3 error(s), 0 warning(s).
========================================

===== Involved rules descriptions:

[heif][Rule #0] Section 10.2.1.1
Files shall contain the brand 'mif1' in the compatible brands array of the
FileTypeBox.
/!\ this rule doesn't look for 'mif1' brands rule-conformance:
     if a brand is absent then its conformance rules won't be checked here /!\

[heif][Rule #10] Section 6.2
The file-level MetaBox shall identify as its primary item an item that is a
coded image or a derived image item

[heif][Rule #23] Section 9.3.1.1Box structure and arity for boxes defined in HEIF
This is rather a safety check than a formal rule.

+--------------------------------------+
|          isobmff validation          |
+--------------------------------------+

Specification description: ISO Base Media File Format
MPEG-4 part 12 - ISO/IEC 14496-12 - m17277 (6th+FDAM1+FDAM2+COR1-R4)

[isobmff][Rule #10] Error: Wrong arity for boxes { ftyp } in parents { root }: expected in range [1-1], found 0
[isobmff][Rule #11] Error: One 'ftyp' boxes expected, found 0. Discarding test

========================================
[isobmff] 2 error(s), 0 warning(s).
========================================

===== Involved rules descriptions:

[isobmff][Rule #10] Table 1: box structure and arity
This is rather a safety check than a formal rule.

[isobmff][Rule #11] Section 4.3.1
The 'ftyp' box shall be placed as early as possible in the file (e.g. after any
obligatory signature, but before any significant variable-size boxes such as a
MovieBox, MediaDataBox, or FreeSpaceBox).

