[Rule #8] MIAF missing Image spatial extents property
[miaf] 1 error(s).

Specification description: MIAF (Multi-Image Application Format)
MPEG-A part 22 - ISO/IEC 23000-22 - w18260 FDIS - Jan 2019

Error rules description:

[miaf][Rule #8] Section 7.3.6.3
Every image item shall be associated with a Image spatial extents property
[Rule #4] HEIF missing Image spatial extents property
[heif] 1 error(s).

Specification description: HEIF - ISO/IEC 23008-12 - First edition 2017-12

Error rules description:

[heif][Rule #4] Section 6.5.3.1
every image item be associated with a Image spatial extents property
[isobmff] No errors.
