[Rule #20] data_reference_index shall be 0, found 1
1 error(s).

Specification description: MIAF (Multi-Image Application Format)
MPEG-A part 22 - ISO/IEC 23000-22 - w18260 FDIS - Jan 2019

Error rules description:

[Rule #20] Section 8.2.1
MIAF image items shall use data_reference_index==0, i.e. the image data shall
be contained in the same file as the MetaBox.
