+--------------------------------------+
|           miaf validation            |
+--------------------------------------+

Specification description: MIAF (Multi-Image Application Format)
MPEG-A part 22 - ISO/IEC 23000-22 - w18260 FDIS - Jan 2019

[miaf][Rule #17] Error: 'elst' media rate shall be -1 or 1, found 0
[miaf][Rule #17] Error: 'elst' media rate shall be -1 or 1, found 2
[miaf][Rule #18] Error: Two media edits found: media rates shall be { 1, -1 }, found { 0, 2 }

========================================
[miaf] 3 error(s), 0 warning(s).
========================================

===== Involved rules descriptions:

[miaf][Rule #17] Section 8.6
the media_rate shall take either a value greater than 0 and up to and
including 1 (forward play), or minus 1 (normal speed reverse play)

[miaf][Rule #18] Section 8.6
when there are two 'media edits' one shall specify forward playback and the other reverse
over the same media time-range

+--------------------------------------+
|           heif validation            |
+--------------------------------------+

Specification description: HEIF - ISO/IEC 23008-12 - 2nd Edition N18310

[heif][Rule #7] Error: primary item (Item_ID=0) has no associated item_type.

========================================
[heif] 1 error(s), 0 warning(s).
========================================

===== Involved rules descriptions:

[heif][Rule #7] Section 6.2
The file-level MetaBox shall identify as its primary item an item that is a
coded image or a derived image item

+--------------------------------------+
|          isobmff validation          |
+--------------------------------------+

Specification description: ISO Base Media File Format
MPEG-4 part 12 - ISO/IEC 14496-12 - MPEG-4 Part 12 - m17277 (6th+FDAM1+FDAM2+COR1-R4)

========================================
[isobmff] No errors.
========================================

