+--------------------------------------+
|           miaf validation            |
+--------------------------------------+

Specification description: MIAF (Multi-Image Application Format)
MPEG-A part 22 - ISO/IEC 23000-22 - w18260 FDIS - Jan 2019

[miaf][Rule #1] Error: The HandlerBox shall be the first contained box within the MetaBox

========================================
[miaf] 1 error(s), 0 warning(s).
========================================

===== Involved rules descriptions:

[miaf][Rule #1] Section 7.2.1.1
The HandlerBox shall be the first contained box within the MetaBox.

+--------------------------------------+
|           heif validation            |
+--------------------------------------+

Specification description: HEIF - ISO/IEC 23008-12 - 2nd Edition N18310

[heif][Rule #8] Error: primary item (Item_ID=0) has no associated item_type.

========================================
[heif] 1 error(s), 0 warning(s).
========================================

===== Involved rules descriptions:

[heif][Rule #8] Section 6.2
The file-level MetaBox shall identify as its primary item an item that is a
coded image or a derived image item

+--------------------------------------+
|          isobmff validation          |
+--------------------------------------+

Specification description: ISO Base Media File Format
MPEG-4 part 12 - ISO/IEC 14496-12 - m17277 (6th+FDAM1+FDAM2+COR1-R4)

[isobmff][Rule #10] Error: Wrong arity for boxes { dref } in parents { dinf }: expected in range [1-2147483647], found 0
[isobmff][Rule #10] Error: Wrong arity for boxes { dref } in parents { dinf }: expected in range [1-1], found 0

========================================
[isobmff] 2 error(s), 0 warning(s).
========================================

===== Involved rules descriptions:

[isobmff][Rule #10] Table 1: box structure and arity
This is rather a safety check than a formal rule.

