[Rule #19] Error: Found edit list for reverse playback: sync sample delta (16 - 2) is more than 4
[Rule #19] Error: Found edit list for reverse playback: sync sample delta (29 - 16) is more than 4
[Rule #44] Warning: File conforms to 'MiPr' brand but 'MiPr' is not in the 'ftyp' compatible_brand list
[miaf] 2 error(s).
[miaf] 1 warning(s).

Specification description: MIAF (Multi-Image Application Format)
MPEG-A part 22 - ISO/IEC 23000-22 - w18260 FDIS - Jan 2019

Involved rules descriptions:

[miaf][Rule #19] Section 8.6
if an edit list is used to specify reverse playback (a negative media_rate) of some media
there shall be a sync sample (as defined by ISO/IEC 14496-12) at least every 4 frames, or
more often

[miaf][Rule #44] Section 7.2.1.2
The FileTypeBox shall contain, in the compatible_brands list [...] brand(s)
identifying conformance to this document (specified in Clause 10).
[heif] No errors.
[isobmff] No errors.
