[Rule #29] channelcount shall not exceed 2, found 32
[Rule #30] Sampling rate shall not exceed 48000, found 64580
2 error(s).

Specification description: MIAF (Multi-Image Application Format)
MPEG-A part 22 - ISO/IEC 23000-22 - w18260 FDIS - Jan 2019

Error rules description:

[Rule #29] Section 7.4.5
If AAC is chosen, then AAC shall not exceed two audio channels

[Rule #30] Section 7.4.5
If AAC is chosen, then AAC elementary streams shall not exceed 48 kHz sampling rate
