+--------------------------------------+
|           miaf validation            |
+--------------------------------------+

Specification description: MIAF (Multi-Image Application Format)
MPEG-A part 22 - ISO/IEC 23000-22 - w18260 FDIS - Jan 2019

[miaf][Rule #30] Error: channelcount shall not exceed 2, found 32
[miaf][Rule #31] Error: Sampling rate shall not exceed 48000, found 64580

========================================
[miaf] 2 error(s), 0 warning(s).
========================================

===== Involved rules descriptions:

[miaf][Rule #30] Section 7.4.5
If AAC is chosen, then AAC shall not exceed two audio channels

[miaf][Rule #31] Section 7.4.5
If AAC is chosen, then AAC elementary streams shall not exceed 48 kHz sampling rate

+--------------------------------------+
|           heif validation            |
+--------------------------------------+

Specification description: HEIF - ISO/IEC 23008-12 - 2nd Edition N18310

[heif][Rule #8] Error: primary item (Item_ID=0) has no associated item_type.

========================================
[heif] 1 error(s), 0 warning(s).
========================================

===== Involved rules descriptions:

[heif][Rule #8] Section 6.2
The file-level MetaBox shall identify as its primary item an item that is a
coded image or a derived image item

+--------------------------------------+
|          isobmff validation          |
+--------------------------------------+

Specification description: ISO Base Media File Format
MPEG-4 part 12 - ISO/IEC 14496-12 - m17277 (6th+FDAM1+FDAM2+COR1-R4)

========================================
[isobmff] No errors.
========================================

