+--------------------------------------+
|           miaf validation            |
+--------------------------------------+

Specification description: MIAF (Multi-Image Application Format)
MPEG-A part 22 - ISO/IEC 23000-22 - w18260 FDIS - Jan 2019

[miaf][Rule #0] Error: 'meta' box not found at file level
[miaf][Rule #4] Error: 'hdlr' not found in MetaBox
[miaf][Rule #7] Error: PrimaryItemBox is required
[miaf][Rule #8] Error: MIAF missing Image spatial extents property

========================================
[miaf] 4 error(s), 0 warning(s).
========================================

===== Involved rules descriptions:

[miaf][Rule #0] Section 7.2.1.4:
The file-level MetaBox shall always be present.
The MetaBox shall be present at the file-level

[miaf][Rule #4] Section 7.2.1.5
The handler type for the MetaBox shall be 'pict'.

[miaf][Rule #7] Section 7.3.2
The primary item shall be a MIAF master image item.

[miaf][Rule #8] Section 7.3.6.3
Every image item shall be associated with a Image spatial extents property

+--------------------------------------+
|           heif validation            |
+--------------------------------------+

Specification description: HEIF - ISO/IEC 23008-12 - 2nd Edition N18310

[heif][Rule #1] Error: 'meta' box not found at file level
[heif][Rule #2] Error: 'hdlr' not found in MetaBox
[heif][Rule #3] Error: ItemInfoBox is required
[heif][Rule #4] Error: image spatial extents property ("ispe") not detected.

========================================
[heif] 4 error(s), 0 warning(s).
========================================

===== Involved rules descriptions:

[heif][Rule #1] Section 6.2
A MetaBox ('meta'), as specified in ISO/IEC 14496-12, is required at file level.

[heif][Rule #2] Section 6.2
The handler type for the MetaBox shall be 'pict'.

[heif][Rule #3] Section 7.2.1.9
ItemInfoBox Version 0 or 1 of this box is required by ISO/IEC 23008-12

[heif][Rule #4] Section 6.5.3.1
Every image item shall be associated with one [image spatial extents property],
prior to the association of all transformative properties.

+--------------------------------------+
|          isobmff validation          |
+--------------------------------------+

Specification description: ISO Base Media File Format
MPEG-4 part 12 - ISO/IEC 14496-12 - MPEG-4 Part 12 - m17277 (6th+FDAM1+FDAM2+COR1-R4)

========================================
[isobmff] No errors.
========================================

