[Rule #2] 'ftyp' box not found
[miaf] 1 error(s).

Specification description: MIAF (Multi-Image Application Format)
MPEG-A part 22 - ISO/IEC 23000-22 - w18260 FDIS - Jan 2019

Error rules description:

[miaf][Rule #2] Section 7.2.1.2
The FileTypeBox shall contain, in the compatible_brands list,
the following (in any order): 'mif1' (specified in ISO/IEC 23008-12)
[and] brand(s) identifying conformance to this document (specified in 10).
[...]
Files conforming to the general restrictions in clause 7 shall include
the brand 'miaf' in the compatible_brands in the FileTypeBox.
[Rule #0] 'ftyp' box not found
[heif] 1 error(s).

Specification description: HEIF - ISO/IEC 23008-12 - First edition 2017-12

Error rules description:

[heif][Rule #0] Section 10.1
The FileTypeBox shall contain, in the compatible_brands list, the following (in any order): 'mif1' (specified in ISO/IEC 23008-12) [and] brand(s) identifying conformance to this document (specified in 10).
[isobmff] No errors.
