+--------------------------------------+
|           miaf validation            |
+--------------------------------------+

Specification description: MIAF (Multi-Image Application Format)
MPEG-A part 22 - ISO/IEC 23000-22 - w18260 FDIS - Jan 2019

[miaf][Rule #2] Error: 'ftyp' box not found

========================================
[miaf] 1 error(s), 0 warning(s).
========================================

===== Involved rules descriptions:

[miaf][Rule #2] Section 7.2.1.2
The FileTypeBox shall contain, in the compatible_brands list,
the following (in any order): 'mif1' (specified in ISO/IEC 23008-12)
[...]
Files conforming to the general restrictions in clause 7 shall include
the brand 'miaf' in the compatible_brands in the FileTypeBox.

+--------------------------------------+
|           heif validation            |
+--------------------------------------+

Specification description: HEIF - ISO/IEC 23008-12 - 2nd Edition N18310

[heif][Rule #0] Error: 'ftyp' box not found
[heif][Rule #8] Error: primary item (Item_ID=0) has no associated item_type.

========================================
[heif] 2 error(s), 0 warning(s).
========================================

===== Involved rules descriptions:

[heif][Rule #0] Section 10..2.1.1
Files shall contain the brand 'mif1' in the compatible brands array of the
FileTypeBox.

[heif][Rule #8] Section 6.2
The file-level MetaBox shall identify as its primary item an item that is a
coded image or a derived image item

+--------------------------------------+
|          isobmff validation          |
+--------------------------------------+

Specification description: ISO Base Media File Format
MPEG-4 part 12 - ISO/IEC 14496-12 - MPEG-4 Part 12 - m17277 (6th+FDAM1+FDAM2+COR1-R4)

========================================
[isobmff] No errors.
========================================

