+--------------------------------------+
|           miaf validation            |
+--------------------------------------+

Specification description: MIAF (Multi-Image Application Format)
MPEG-A part 22 - ISO/IEC 23000-22 - w18260 FDIS - Jan 2019

[miaf][Rule #34] Error: Tile widths shall be greater than or equal to 64. Found 10
[miaf][Rule #34] Error: Tile heights shall be greater than or equal to 64. Found 10
[miaf][Rule #34] Warning: Tile widths should be a multiple of 64. Found 10
[miaf][Rule #34] Warning: Tile heights should be a multiple of 64. Found 10

========================================
[miaf] 2 error(s), 2 warning(s).
========================================

===== Involved rules descriptions:

[miaf][Rule #34] Section 7.3.11.4.2
Any grid image in a MIAF file shall also conform to the following constraints:
- The tile_width shall be greater than or equal to 64, and should be a multiple
  of 64.
- The tile_height shall be greater than or equal to 64, and should be a multiple
  of 64

+--------------------------------------+
|           heif validation            |
+--------------------------------------+

Specification description: HEIF - ISO/IEC 23008-12 - 2nd Edition N18310

[heif][Rule #8] Error: primary item (Item_ID=43707) has no associated item_type.

========================================
[heif] 1 error(s), 0 warning(s).
========================================

===== Involved rules descriptions:

[heif][Rule #8] Section 6.2
The file-level MetaBox shall identify as its primary item an item that is a
coded image or a derived image item

+--------------------------------------+
|          isobmff validation          |
+--------------------------------------+

Specification description: ISO Base Media File Format
MPEG-4 part 12 - ISO/IEC 14496-12 - m17277 (6th+FDAM1+FDAM2+COR1-R4)

========================================
[isobmff] No errors.
========================================

