+--------------------------------------+
|           miaf validation            |
+--------------------------------------+

Specification description: MIAF (Multi-Image Application Format)
MPEG-A part 22 - ISO/IEC 23000-22 - w18260 FDIS - Jan 2019

[miaf][Rule #8] Error: MIAF missing Image spatial extents property

========================================
[miaf] 1 error(s), 0 warning(s).
========================================

===== Involved rules descriptions:

[miaf][Rule #8] Section 7.3.6.3
Every image item shall be associated with a Image spatial extents property

+--------------------------------------+
|           heif validation            |
+--------------------------------------+

Specification description: HEIF - ISO/IEC 23008-12 - 2nd Edition N18310

[heif][Rule #5] Error: image spatial extents property ("ispe") not detected.
[heif][Rule #8] Error: primary item (Item_ID=0) has no associated item_type.

========================================
[heif] 2 error(s), 0 warning(s).
========================================

===== Involved rules descriptions:

[heif][Rule #5] Section 6.5.3.1
Every image item shall be associated with one [image spatial extents property],
prior to the association of all transformative properties.

[heif][Rule #8] Section 6.2
The file-level MetaBox shall identify as its primary item an item that is a
coded image or a derived image item

+--------------------------------------+
|          isobmff validation          |
+--------------------------------------+

Specification description: ISO Base Media File Format
MPEG-4 part 12 - ISO/IEC 14496-12 - MPEG-4 Part 12 - m17277 (6th+FDAM1+FDAM2+COR1-R4)

========================================
[isobmff] No errors.
========================================

