+--------------------------------------+
|        av1isobmff validation         |
+--------------------------------------+

Specification description: AV1 Codec ISO Media File Format Binding v1.2.0, 12 December 2019
https://github.com/AOMediaCodec/av1-isobmff/commit/ee2f1f0d2c342478206767fb4b79a39870c0827e
https://aomediacodec.github.io/av1-isobmff/v1.2.0.html

[av1isobmff][Rule #4] Warning: MaxRenderWidth and/or MaxRenderHeight do not correspond to tkhd box
[av1isobmff][Rule #5] Error: Invalid pasp; 1 / 1 != 9863168 / 3456000

========================================
[av1isobmff] 1 error(s), 1 warning(s).
========================================

===== Involved rules descriptions:

[av1isobmff][Rule #4] Section 2.2.4
The width and height in the TrackHeaderBox SHOULD equal, respectively, the maximum
RenderWidth, called MaxRenderWidth, and the maximum RenderHeight, called
MaxRenderHeight, of all the frames associated with this sample entry

[av1isobmff][Rule #5] Section 2.2.4
Additionally, if MaxRenderWidth and MaxRenderHeight values do not equal respectively
the max_frame_width_minus_1 + 1 and max_frame_height_minus_1 + 1 values of the
Sequence Header OBU, a PixelAspectRatioBox box SHALL be present in the sample entry

+--------------------------------------+
|          isobmff validation          |
+--------------------------------------+

Specification description: ISO Base Media File Format
MPEG-4 part 12 - ISO/IEC 14496-12 - m17277 (6th+FDAM1+FDAM2+COR1-R4)

========================================
[isobmff] No errors.
========================================

