+--------------------------------------+
|        av1isobmff validation         |
+--------------------------------------+

Specification description: AV1 Codec ISO Media File Format Binding v1.2.0, 12 December 2019
https://github.com/AOMediaCodec/av1-isobmff/commit/ee2f1f0d2c342478206767fb4b79a39870c0827e
https://aomediacodec.github.io/av1-isobmff/v1.2.0.html

[av1isobmff][Rule #9] Error: [TrackId=2] The AV1CodecConfigurationBox seq_profile field value (0) SHALL be
equal to the seq_profile value from the first Sequence Header OBU in the mdat (4)
[av1isobmff][Rule #9] Error: [TrackId=2] The AV1CodecConfigurationBox seq_profile field value (0) SHALL be
equal to the seq_profile value from the first Sequence Header OBU in configOBUS (4)
[av1isobmff][Rule #10] Error: [TrackId=2] The AV1CodecConfigurationBox seq_level_idx_0 field value (5) SHALL be
equal to the seq_level_idx_0 value from the first Sequence Header OBU in the mdat (7)
[av1isobmff][Rule #10] Error: [TrackId=2] The AV1CodecConfigurationBox seq_level_idx_0 field value (5) SHALL be
equal to the seq_level_idx_0 value from the first Sequence Header OBU in configOBUS (7)
[av1isobmff][Rule #11] Error: [TrackId=2] The AV1CodecConfigurationBox seq_tier_0 field value (1) SHALL be
equal to the seq_tier_0 value from the first Sequence Header OBU in the mdat (0)
[av1isobmff][Rule #11] Error: [TrackId=2] The AV1CodecConfigurationBox seq_tier_0 field value (1) SHALL be
equal to the seq_tier_0 value from the first Sequence Header OBU in configOBUS (0)
[av1isobmff][Rule #12] Error: [TrackId=2] The AV1CodecConfigurationBox high_bitdepth field value (1) SHALL be
equal to the high_bitdepth value from the first Sequence Header OBU in the mdat (0)
[av1isobmff][Rule #12] Error: [TrackId=2] The AV1CodecConfigurationBox high_bitdepth field value (1) SHALL be
equal to the high_bitdepth value from the first Sequence Header OBU in configOBUS (0)
[av1isobmff][Rule #13] Error: [TrackId=2] The AV1CodecConfigurationBox twelve_bit field value (1) SHALL be
equal to the twelve_bit value from the first Sequence Header OBU in the mdat (0)
[av1isobmff][Rule #13] Error: [TrackId=2] The AV1CodecConfigurationBox twelve_bit field value (1) SHALL be
equal to the twelve_bit value from the first Sequence Header OBU in configOBUS (0)
[av1isobmff][Rule #16] Error: [TrackId=2] The values of the AV1CodecConfigurationBox shall match
the Sequence Header OBU in the AV1 Image Item Data:
	AV1CodecConfigurationBox:
		seq_profile=0
		seq_level_idx_0=5
		seq_tier_0=1
		high_bitdepth=1
		twelve_bit=1
		mono_chrome=0
		chroma_subsampling_x=1
		chroma_subsampling_y=1
		chroma_sample_position=0
	Sequence Header OBU in the AV1 Image Item Data:
		seq_profile=4
		seq_level_idx_0=7
		seq_tier_0=0
		high_bitdepth=0
		twelve_bit=0
		mono_chrome=0
		chroma_subsampling_x=0
		chroma_subsampling_y=0
		chroma_sample_position=0


========================================
[av1isobmff] 11 error(s), 0 warning(s).
========================================

===== Involved rules descriptions:

[av1isobmff][Rule #9] Section 2.3.4
The seq_profile field indicates the AV1 profile and SHALL be equal to
the seq_profile value from the Sequence Header OBU.

[av1isobmff][Rule #10] Section 2.3.4
The seq_level_idx_0 field indicates the value of seq_level_idx[0] found in the
Sequence Header OBU and SHALL be equal to the value of seq_level_idx[0] in the
Sequence Header OBU.

[av1isobmff][Rule #11] Section 2.3.4
The seq_tier_0 field indicates the value of seq_tier[0] found in the
Sequence Header OBU and SHALL be equal to the value of seq_tier[0] in the
Sequence Header OBU.

[av1isobmff][Rule #12] Section 2.3.4
The high_bitdepth field indicates the value of the high_bitdepth flag from the
Sequence Header OBU.

[av1isobmff][Rule #13] Section 2.3.4
The twelve_bit field indicates the value of the twelve_bit flag from the
Sequence Header OBU. When twelve_bit is not present in the Sequence Header
OBU the AV1CodecConfigurationRecord twelve_bit value SHALL be 0.

[av1isobmff][Rule #16] Section 2.3.4
When a Sequence Header OBU is contained within the configOBUs of the
AV1CodecConfigurationRecord, the values present in the Sequence Header OBU
contained within configOBUs SHALL match the values of the
AV1CodecConfigurationRecord.

+--------------------------------------+
|          isobmff validation          |
+--------------------------------------+

Specification description: ISO Base Media File Format
MPEG-4 part 12 - ISO/IEC 14496-12 - m17277 (6th+FDAM1+FDAM2+COR1-R4)

========================================
[isobmff] No errors.
========================================

