+--------------------------------------+
|           avif validation            |
+--------------------------------------+

Specification description: AVIF v1.0.0, 19 February 2019
https://aomediacodec.github.io/av1-avif/

[avif][Rule #9] Error: Transformative property "av1C" shall be marked as essential (item_ID=1)

========================================
[avif] 1 error(s), 0 warning(s).
========================================

===== Involved rules descriptions:

[avif][Rule #9] Section 2.2.1
AV1 Item Configuration Property [...] shall be marked as essential.

+--------------------------------------+
|           heif validation            |
+--------------------------------------+

Specification description: HEIF - ISO/IEC 23008-12 - First edition 2017-12

========================================
[heif] No errors.
========================================

+--------------------------------------+
|          isobmff validation          |
+--------------------------------------+

Specification description: ISO Base Media File Format
MPEG-4 part 12 - ISO/IEC 14496-12 - MPEG-4 Part 12 - m17277 (6th+FDAM1+FDAM2+COR1-R4)

========================================
[isobmff] No errors.
========================================

