+--------------------------------------+
|           avif validation            |
+--------------------------------------+

Specification description: AVIF v1.2.0, 8 January 2025
https://aomediacodec.github.io/av1-avif/v1.2.0.html

[avif][Rule #7] Error: Property "av1C" shall be marked as essential (item_ID=1)

========================================
[avif] 1 error(s), 0 warning(s).
========================================

===== Involved rules descriptions:

[avif][Rule #7] id: assert-ebb95262
Section 2.2.1
AV1 Item Configuration Property [...] shall be marked as essential.

+--------------------------------------+
|           miaf validation            |
+--------------------------------------+

Specification description: MIAF (Multi-Image Application Format)
MPEG-A part 22 - ISO/IEC 23000-22 - w18260 FDIS - Jan 2019

========================================
[miaf] No errors.
========================================

+--------------------------------------+
|           heif validation            |
+--------------------------------------+

Specification description: HEIF - ISO/IEC 23008-12 - 2nd Edition N18310

========================================
[heif] No errors.
========================================

+--------------------------------------+
|          isobmff validation          |
+--------------------------------------+

Specification description: ISO Base Media File Format
MPEG-4 part 12 - ISO/IEC 14496-12 - m17277 (6th+FDAM1+FDAM2+COR1-R4)

========================================
[isobmff] No errors.
========================================

