[Rule #9] Error: Transformative property "av1C" shall be marked as essential (item_ID=1)
[avif] 1 error(s), 0 warning(s).

Specification description: AVIF v1.0.0, 19 February 2019
https://aomediacodec.github.io/av1-avif/

Involved rules descriptions:

[avif][Rule #9] Section 2.2.1
AV1 Item Configuration Property [...] shall be marked as essential.

[heif] No errors.
[isobmff] No errors.
