[Rule #7] Error: The values of the AV1CodecConfigurationBox shall match
the Sequence Header OBU in the AV1 Image Item Data:
	AV1CodecConfigurationBox:
		seq_profile=0
		seq_level_idx_0=5
		seq_tier_0=0
		high_bitdepth=0
		twelve_bit=0
		mono_chrome=0
		chroma_subsampling_x=1
		chroma_subsampling_y=1
		chroma_sample_position=0
	Sequence Header OBU in the AV1 Image Item Data:
		seq_profile=0
		seq_level_idx_0=4
		seq_tier_0=0
		high_bitdepth=0
		twelve_bit=0
		mono_chrome=0
		chroma_subsampling_x=1
		chroma_subsampling_y=1
		chroma_sample_position=0

[avif] 1 error(s).
[avif] 0 warning(s).

Specification description: AVIF v1.0.0, 19 February 2019
https://aomediacodec.github.io/av1-avif/

Involved rules descriptions:

[avif][Rule #7] Section 2.2.1
The values of the fields in the AV1CodecConfigurationBox shall match those of the
Sequence Header OBU in the AV1 Image Item Data.

[heif] No errors.
[isobmff] No errors.
