+--------------------------------------+
|           avif validation            |
+--------------------------------------+

Specification description: AVIF v1.0.0, 19 February 2019
https://aomediacodec.github.io/av1-avif/

[avif][Rule #1] Error: [ItemId=1] AV1 Sample shall be marked as sync (showFrame=0, keyFrame=0)
[avif][Rule #2] Error: [ItemId=1] Expected 1 sequence Header OBU in Image Item Data but found 0
[avif][Rule #4] Warning: [ItemId=1] reduced_still_picture_header flag set to 0
[avif][Rule #7] Error: [ItemId=1] The values of the AV1CodecConfigurationBox shall match
the Sequence Header OBU in the AV1 Image Item Data:
	AV1CodecConfigurationBox:
		seq_profile=2
		seq_level_idx_0=0
		seq_tier_0=0
		high_bitdepth=1
		twelve_bit=0
		mono_chrome=0
		chroma_subsampling_x=1
		chroma_subsampling_y=0
		chroma_sample_position=0
	Sequence Header OBU in the AV1 Image Item Data:
		seq_profile=0
		seq_level_idx_0=0
		seq_tier_0=0
		high_bitdepth=0
		twelve_bit=0
		mono_chrome=0
		chroma_subsampling_x=0
		chroma_subsampling_y=0
		chroma_sample_position=0

[avif][Rule #10] Error: Track with 'pict' handler found, but no primary item that is an AV1 image item found.
[avif][Rule #17] Error: Item ID=1 (image item): Baseline Profile requires AV1 Main Profile
[avif][Rule #17] Error: Item ID=2 (image sequence): Baseline Profile requires AV1 Main Profile

========================================
[avif] 6 error(s), 1 warning(s).
========================================

===== Involved rules descriptions:

[avif][Rule #1] Section 2.1
The AV1 Image Item Data shall be identical to the content of an AV1 Sample marked as sync

[avif][Rule #2] Section 2.1
The AV1 Image Item Data shall have exactly one Sequence Header OBU.

[avif][Rule #4] Section 2.1
The AV1 Image Item Data should have its reduced_still_picture_header flag set to 1.

[avif][Rule #7] Section 2.2.1
The values of the fields in the AV1CodecConfigurationBox shall match those of the
Sequence Header OBU in the AV1 Image Item Data.

[avif][Rule #10] Section 3
The track handler for an AV1 Image Sequence shall be 'pict'.

[avif][Rule #17] Section 7.2
AVIF Baseline Profile (MA1B):
- Image items and image sequences: AV1 profile shall be Main Profile and
  level shall be 5.1 or lower

+--------------------------------------+
|           miaf validation            |
+--------------------------------------+

Specification description: MIAF (Multi-Image Application Format)
MPEG-A part 22 - ISO/IEC 23000-22 - w18260 FDIS - Jan 2019

[miaf][Rule #7] Error: Item bodies of coded image "av01" itemID=1 (offset=869) belongs to box "stco": expecting "mdat"
[miaf][Rule #9] Error: PrimaryItemBox is required
[miaf][Rule #26] Error: Found no 'pixi' associated for 1 displayable (not hidden) images (ItemIds={1})

========================================
[miaf] 3 error(s), 0 warning(s).
========================================

===== Involved rules descriptions:

[miaf][Rule #7] Section 7.2.1.13
Item bodies of coded image items shall not be present in the ItemDataBox;
all body data for coded images (including thumbnails) shall be in a MediaDataBox

[miaf][Rule #9] Section 7.3.2
The primary item shall be a MIAF master image item.

[miaf][Rule #26] Section 7.3.6.6
The pixel information property shall be associated with every image that is
displayable (not hidden)

+--------------------------------------+
|           heif validation            |
+--------------------------------------+

Specification description: HEIF - ISO/IEC 23008-12 - 2nd Edition N18310

[heif][Rule #14] Error: No primary item.
[heif][Rule #32] Error: 'mif1' brand: this file shall conform to HEIF section 6, check the other errors for details

========================================
[heif] 2 error(s), 0 warning(s).
========================================

===== Involved rules descriptions:

[heif][Rule #14] Section 6.2
The file-level MetaBox shall identify as its primary item an item that is a
coded image or a derived image item

[heif][Rule #32] Section 10.2
when a brand specified in 10.2 is among the compatible brands of a file,
the requirements specified in Clause 6 shall be obeyed

+--------------------------------------+
|          isobmff validation          |
+--------------------------------------+

Specification description: ISO Base Media File Format
MPEG-4 part 12 - ISO/IEC 14496-12 - m17277 (6th+FDAM1+FDAM2+COR1-R4)

[isobmff][Rule #2] Error: Data offset 869 belongs to box "stco": expecting "mdat" or "idat"

========================================
[isobmff] 1 error(s), 0 warning(s).
========================================

===== Involved rules descriptions:

[isobmff][Rule #2] Section 8.11.3: Item location box
Data offset integrity: check we don't point out of the file.
This is rather a safety check than a formal rule.

