+--------------------------------------+
|           avif validation            |
+--------------------------------------+

Specification description: AVIF v1.0.0, 19 February 2019
https://aomediacodec.github.io/av1-avif/

[avif][Rule #5] Warning: Sequence Header OBUs should not be present in the AV1CodecConfigurationBox

========================================
[avif] 0 error(s), 1 warning(s).
========================================

===== Involved rules descriptions:

[avif][Rule #5] Section 2.1
Sequence Header OBUs should not be present in the AV1CodecConfigurationBox.

+--------------------------------------+
|           miaf validation            |
+--------------------------------------+

Specification description: MIAF (Multi-Image Application Format)
MPEG-A part 22 - ISO/IEC 23000-22 - w18260 FDIS - Jan 2019

========================================
[miaf] No errors.
========================================

+--------------------------------------+
|           heif validation            |
+--------------------------------------+

Specification description: HEIF - ISO/IEC 23008-12 - First edition 2017-12

========================================
[heif] No errors.
========================================

+--------------------------------------+
|          isobmff validation          |
+--------------------------------------+

Specification description: ISO Base Media File Format
MPEG-4 part 12 - ISO/IEC 14496-12 - MPEG-4 Part 12 - m17277 (6th+FDAM1+FDAM2+COR1-R4)

========================================
[isobmff] No errors.
========================================

