+--------------------------------------+
|       iamf_isobmff validation        |
+--------------------------------------+

Specification description: IAMF in ISOBMFF

[iamf_isobmff][Rule #0] Error: The compatible_brands list in FileTypeBox SHALL contain 'iamf'

========================================
[iamf_isobmff] 1 error(s), 0 warning(s).
========================================

===== Involved rules descriptions:

[iamf_isobmff][Rule #0] id: assert-ftyp-iamf-brand
Section 6.1
An IAMF file SHALL have the 'iamf' brand among the compatible brands array of the FileTypeBox.

+--------------------------------------+
|          isobmff validation          |
+--------------------------------------+

Specification description: ISO Base Media File Format
MPEG-4 part 12 - ISO/IEC 14496-12 - m17277 (6th+FDAM1+FDAM2+COR1-R4)

========================================
[isobmff] No errors.
========================================

