+--------------------------------------+
|       iamf_isobmff validation        |
+--------------------------------------+

Specification description: IAMF in ISOBMFF

[iamf_isobmff][Rule #3] Error: The stss box SHALL NOT be present in an IAMF track.

========================================
[iamf_isobmff] 1 error(s), 0 warning(s).
========================================

===== Involved rules descriptions:

[iamf_isobmff][Rule #3] Section 6.2.5
IA Sample Format checks:
- The stss box SHALL NOT be present.
- One IA Sample SHALL be one Temporal Unit and SHALL NOT contain the Temporal Delimiter OBU.
assert-ia-sample-format

+--------------------------------------+
|          isobmff validation          |
+--------------------------------------+

Specification description: ISO Base Media File Format
MPEG-4 part 12 - ISO/IEC 14496-12 - m17277 (6th+FDAM1+FDAM2+COR1-R4)

========================================
[isobmff] No errors.
========================================

