+--------------------------------------+
|       iamf_isobmff validation        |
+--------------------------------------+

Specification description: IAMF in ISOBMFF

[iamf_isobmff][Rule #3] Error: [Section 6.2.4] configurationVersion SHALL be set to 1, found 2

========================================
[iamf_isobmff] 1 error(s), 0 warning(s).
========================================

===== Involved rules descriptions:

[iamf_isobmff][Rule #3] id: assert-iacb-config-obus
Section 6.2.4
The 'iacb' box and the Configuration OBUs contained in it SHALL comply with the IAMF specification.
- configurationVersion SHALL be 1.

+--------------------------------------+
|          isobmff validation          |
+--------------------------------------+

Specification description: ISO Base Media File Format
MPEG-4 part 12 - ISO/IEC 14496-12 - m17277 (6th+FDAM1+FDAM2+COR1-R4)

========================================
[isobmff] No errors.
========================================

