+--------------------------------------+
|           iamf validation            |
+--------------------------------------+

Specification description: IAMF v1.1.0
https://aomediacodec.github.io/iamf/v1.1.0.html

[iamf][Rule #1] Error: [Section 3.4] The first OBU in an IA Sequence SHALL have obu_type = OBU_IA_Sequence_Header
[iamf][Rule #18] Error: [Section 5.1.1] Descriptor OBUs skipped. Found Codec Config OBU after start of sequence
[iamf][Rule #18] Error: [Section 5.1.1] Missing required descriptor OBUs. Reached end of bitstream. Last seen Codec Config OBU

========================================
[iamf] 3 error(s), 0 warning(s).
========================================

===== Involved rules descriptions:

[iamf][Rule #1] id: assert-first-obu-is-seq-hdr
Section 3.4
The first OBU in an IA Sequence SHALL have obu_type = OBU_IA_Sequence_Header.

[iamf][Rule #18] id: assert-descriptor-obus-order
Section 5.1.1
Descriptor OBUs SHALL be placed in the following order:
1. One IA Sequence Header OBU
2. All Codec Config OBUs
3. All Audio Element OBUs
4. All Mix Presentation OBUs
An IA Sequence is composed of a series of OBUs in the sequence of a set of Descriptors followed by their associated IA Data.

