+--------------------------------------+
|           iamf validation            |
+--------------------------------------+

Specification description: IAMF v1.1.0
https://aomediacodec.github.io/iamf/v1.1.0.html

[iamf][Rule #1] Error: [Section 3.4] The first OBU in an IA Sequence SHALL have obu_type = OBU_IA_Sequence_Header

========================================
[iamf] 1 error(s), 0 warning(s).
========================================

===== Involved rules descriptions:

[iamf][Rule #1] id: assert-first-obu-is-seq-hdr
Section 3.4
The first OBU in an IA Sequence SHALL have obu_type = OBU_IA_Sequence_Header.

