+--------------------------------------+
|           iamf validation            |
+--------------------------------------+

Specification description: IAMF v1.1.0
https://aomediacodec.github.io/iamf/v1.1.0.html

[iamf][Rule #3] Error: [Section 3.5] There SHALL be exactly one Codec Config OBU with a given identifier in a set of Descriptors.
[iamf][Rule #19] Error: [Section 5.1.1] Missing required descriptor OBUs before data OBUs. Last seen Codec Config OBU before OBU type 4
[iamf][Rule #19] Error: [Section 5.1.1] Descriptor OBUs must follow IA Sequence Header. Found OBU type 0 after data OBUs.
[iamf][Rule #19] Error: [Section 5.1.1] Missing required descriptor OBUs. Reached end of bitstream. Last seen Codec Config OBU

========================================
[iamf] 4 error(s), 0 warning(s).
========================================

===== Involved rules descriptions:

[iamf][Rule #3] id: assert-codec-config-obu
Section 3.5
Codec Config OBU checks:
- There SHALL be exactly one Codec Config OBU with a given identifier in a set of Descriptors.
- codec_id indicates a ‘four-character code’ (4CC) to identify the codec. Supported values: Opus, mp4a, fLaC, ipcm.
- num_samples_per_frame SHALL NOT be set to zero.
- audio_roll_distance SHALL always be a negative value or zero.
- audio_roll_distance SHALL be set to -R when codec_id is set to Opus, where R = ceil(3840 / num_samples_per_frame).
- audio_roll_distance SHALL be set to -1 when codec_id is set to mp4a.
- audio_roll_distance SHALL be set to 0 when codec_id is set to fLaC or ipcm.

[iamf][Rule #19] id: assert-descriptor-obus-order
Section 5.1.1
Descriptor OBUs SHALL be placed in the following order:
1. One IA Sequence Header OBU
2. All Codec Config OBUs
3. All Audio Element OBUs
4. All Mix Presentation OBUs
An IA Sequence is composed of a series of OBUs in the sequence of a set of Descriptors followed by their associated IA Data.

