+--------------------------------------+
|           iamf validation            |
+--------------------------------------+

Specification description: IAMF v1.1.0
https://aomediacodec.github.io/iamf/v1.1.0.html

[iamf][Rule #15] Error: [Section 3.11.1] Pre-skip (312) SHALL be the same as the total number of audio samples to be trimmed at the start of coded Audio Substream 19 (0)
[iamf][Rule #17] Error: [Section 4] Substream 19 frame 0 has start trim 0, expected 312 (matching substream 18)

========================================
[iamf] 2 error(s), 0 warning(s).
========================================

===== Involved rules descriptions:

[iamf][Rule #15] id: assert-opus-specific
Section 3.11.1
OPUS Specific checks:
- Output Channel Count SHALL be set to 2.
- Output Gain SHALL be set to 0 dB.
- Channel Mapping Family SHALL be set to 0.
- Pre-skip SHALL be the same as the number of audio samples to be trimmed at the start of coded Audio Substreams.

[iamf][Rule #17] id: assert-substream-trimming-consistency
Section 4
Audio Substream trimming consistency checks:
- Every Audio Substream in the IA Sequence SHALL have the same start timestamp, SHALL consist of the same number of Audio Frame OBUs, and SHALL have the same trimming information.

