+--------------------------------------+
|           iamf validation            |
+--------------------------------------+

Specification description: IAMF v1.1.0
https://aomediacodec.github.io/iamf/v1.1.0.html

[iamf][Rule #3] Error: [Section 3.5] There SHALL be exactly one Codec Config OBU with a given identifier in a set of Descriptors.
[iamf][Rule #3] Error: [Section 3.5] codec_id identifies an unsupported codec. Supported values: Opus, mp4a, fLaC, ipcm.
[iamf][Rule #3] Error: [Section 3.5] audio_roll_distance SHALL be -1 for mp4a, found 0
[iamf][Rule #3] Error: [Section 3.5] audio_roll_distance SHALL be 0 for fLaC or ipcm, found -1
[iamf][Rule #3] Error: [Section 3.5] audio_roll_distance SHALL be -4 for Opus with num_samples_per_frame = 960, found 0

========================================
[iamf] 5 error(s), 0 warning(s).
========================================

===== Involved rules descriptions:

[iamf][Rule #3] id: assert-codec-config-obu
Section 3.5
Codec Config OBU checks:
- There SHALL be exactly one Codec Config OBU with a given identifier in a set of Descriptors.
- codec_id indicates a ‘four-character code’ (4CC) to identify the codec. Supported values: Opus, mp4a, fLaC, ipcm.
- num_samples_per_frame SHALL NOT be set to zero.
- audio_roll_distance SHALL always be a negative value or zero.
- audio_roll_distance SHALL be set to -R when codec_id is set to Opus, where R = ceil(3840 / num_samples_per_frame).
- audio_roll_distance SHALL be set to -1 when codec_id is set to mp4a.
- audio_roll_distance SHALL be set to 0 when codec_id is set to fLaC or ipcm.

