+--------------------------------------+
|           iamf validation            |
+--------------------------------------+

Specification description: IAMF v1.1.0
https://aomediacodec.github.io/iamf/v1.1.0.html

[iamf][Rule #15] Error: [Section 3.11.1] Version SHALL be 1 for Opus DecoderConfig, found 2
[iamf][Rule #15] Error: [Section 3.11.1] Output Channel Count SHALL be set to 2 for Opus, found 1
[iamf][Rule #15] Error: [Section 3.11.1] Output Gain SHALL be set to 0 dB for Opus, found 1
[iamf][Rule #15] Error: [Section 3.11.1] Channel Mapping Family SHALL be set to 0 for Opus, found 1
[iamf][Rule #15] Error: [Section 3.11.1] Pre-skip (312) SHALL be the same as the total number of audio samples to be trimmed at the start of coded Audio Substream 5 (0)

========================================
[iamf] 5 error(s), 0 warning(s).
========================================

===== Involved rules descriptions:

[iamf][Rule #15] id: assert-opus-specific
Section 3.11.1
OPUS Specific checks:
- Output Channel Count SHALL be set to 2.
- Output Gain SHALL be set to 0 dB.
- Channel Mapping Family SHALL be set to 0.
- Pre-skip SHALL be the same as the number of audio samples to be trimmed at the start of coded Audio Substreams.

